src/App.tsx(264,57): error TS2322: Type '{ matrix: Uint8Array<ArrayBufferLike>; entropyMap: number[]; highlightOffset: number; selectionRange: { start: number; end: number; }; hilbert: HilbertCurve; onJump: (off: number) => void; onSelectRange: (start: number, end: number) => void; onHover: (offset: number) => void; }' is not assignable to type 'IntrinsicAttributes & RadarProps'.
  Property 'onHover' does not exist on type 'IntrinsicAttributes & RadarProps'.
src/App.tsx(293,57): error TS2322: Type '{ ref: MutableRefObject<HexViewRef>; data: Uint8Array<ArrayBufferLike>; stride: number; selectionRange: { start: number; end: number; }; hoverRange: { ...; }; onSelect: (s: any, e: any) => void; onScroll: (offset: number) => void; onEditByte: (index: number, newByte: number) => Promise<...>; }' is not assignable to type 'IntrinsicAttributes & HexViewProps & RefAttributes<any>'.
  Property 'stride' does not exist on type 'IntrinsicAttributes & HexViewProps & RefAttributes<any>'.
